// Vitest Snapshot v1, https://vitest.dev/guide/snapshot.html

exports[`tree(__dirname, 2) 1`] = `
"utils
├── __snapshots__
│   └── tree.spec.ts.snap
├── esbuild
│   ├── escape-string-for-regex.ts
│   └── renderring-utilities-exporter.ts
├── preview
│   ├── hot-reloading
│   ├── get-env-variables-for-preview-app.ts
│   ├── index.ts
│   ├── serve-static-file.ts
│   └── start-dev-server.ts
├── types
│   ├── hot-reload-change.ts
│   └── hot-reload-event.ts
├── get-emails-directory-metadata.spec.ts
├── get-emails-directory-metadata.ts
├── get-preview-server-location.ts
├── index.ts
├── packageJson.ts
├── register-spinner-autostopping.ts
├── tree.spec.ts
└── tree.ts"
`;
