// Vitest Snapshot v1, https://vitest.dev/guide/snapshot.html

exports[`<Hr> component > renders correctly 1`] = `"<!DOCTYPE html PUBLIC "-//W3C//DTD XHTML 1.0 Transitional//EN" "http://www.w3.org/TR/xhtml1/DTD/xhtml1-transitional.dtd"><!--$--><hr style="width:100%;border:none;border-top:1px solid #eaeaea"/><!--/$-->"`;
