// Vitest Snapshot v1, https://vitest.dev/guide/snapshot.html

exports[`lenientParse() > should parse base doucment correctly 1`] = `
[
  {
    "content": " html PUBLIC "-//W3C//DTD XHTML 1.0 Transitional//EN" "http://www.w3.org/TR/xhtml1/DTD/xhtml1-transitional.dtd"",
    "type": "doctype",
  },
  {
    "children": [
      {
        "children": [],
        "name": "head",
        "properties": [],
        "type": "tag",
        "void": false,
      },
      {
        "children": [
          {
            "children": [
              {
                "content": "whatever",
                "type": "text",
              },
            ],
            "name": "h1",
            "properties": [],
            "type": "tag",
            "void": false,
          },
          {
            "children": [],
            "name": "input",
            "properties": [
              {
                "name": "placeholder",
                "value": ""hello world"",
              },
            ],
            "type": "tag",
            "void": true,
          },
        ],
        "name": "body",
        "properties": [
          {
            "name": "style",
            "value": ""background-color:#fff;"",
          },
        ],
        "type": "tag",
        "void": false,
      },
    ],
    "name": "html",
    "properties": [],
    "type": "tag",
    "void": false,
  },
]
`;
