// Vitest Snapshot v1, https://vitest.dev/guide/snapshot.html

exports[`sanitizeDeclarations > complex scenarios > handles multiple declarations with different rgb formats 1`] = `"div{color:rgb(255,0,128,0.5);background-color:rgb(0,255,0);border-color:rgb(128,128,128)}"`;

exports[`sanitizeDeclarations > complex scenarios > handles nested rules 1`] = `"@media (min-width:768px){div{color:rgb(255,0,128,0.8)}}"`;

exports[`sanitizeDeclarations > complex scenarios > processes at-rule declarations 1`] = `"@keyframes fade{from{background:rgb(255,0,0,0)}to{background:rgb(255,0,0)}}"`;

exports[`sanitizeDeclarations > hex to rgb conversion 1`] = `"div{color:rgb(255,0,170)}"`;

exports[`sanitizeDeclarations > hex to rgb conversion 2`] = `"div{color:rgb(255,0,170,0.5)}"`;

exports[`sanitizeDeclarations > hex to rgb conversion 3`] = `"div{color:rgb(255,0,170)}"`;

exports[`sanitizeDeclarations > hex to rgb conversion 4`] = `"div{color:rgb(255,0,170,0.5)}"`;

exports[`sanitizeDeclarations > hex to rgb conversion 5`] = `"div{color:rgb(0,0,0)}"`;

exports[`sanitizeDeclarations > hex to rgb conversion 6`] = `"div{color:rgb(255,255,255)}"`;

exports[`sanitizeDeclarations > hex to rgb conversion 7`] = `"div{color:rgb(255,0,0)}"`;

exports[`sanitizeDeclarations > hex to rgb conversion 8`] = `"div{color:rgb(0,255,0)}"`;

exports[`sanitizeDeclarations > hex to rgb conversion 9`] = `"div{color:rgb(0,0,255)}"`;

exports[`sanitizeDeclarations > hex to rgb conversion 10`] = `"div{color:rgb(171,205,239)}"`;

exports[`sanitizeDeclarations > hex to rgb conversion 11`] = `"div{color:rgb(171,205,239)}"`;

exports[`sanitizeDeclarations > hex to rgb conversion 12`] = `"div{color:rgb(171,205,239)}"`;

exports[`sanitizeDeclarations > hex to rgb conversion 13`] = `"div{color:rgb(255,0,0,0.0)}"`;

exports[`sanitizeDeclarations > hex to rgb conversion 14`] = `"div{color:rgb(255,0,0,1.0)}"`;

exports[`sanitizeDeclarations > hex to rgb conversion 15`] = `"div{background:linear-gradient(rgb(255,0,0),rgb(0,255,0),rgb(0,0,255))}"`;

exports[`sanitizeDeclarations > hex to rgb conversion 16`] = `"div{background:linear-gradient(rgb(255,0,0),rgb(0,255,0),rgb(0,104.6,199))}"`;

exports[`sanitizeDeclarations > hex to rgb conversion 17`] = `"div{content:"Visit our site at example.com#section"}"`;

exports[`sanitizeDeclarations > hex to rgb conversion 18`] = `"div{color:rgb(255,0,0);background-color:rgb(0,255,0);border-color:rgb(0,0,255);box-shadow:0 0 10px rgb(51,51,51)}"`;

exports[`sanitizeDeclarations > oklch to rgb conversion 1`] = `"div{color:rgb(0,255,228.7)}"`;

exports[`sanitizeDeclarations > oklch to rgb conversion 2`] = `"div{color:rgb(255,250.7,125.6,0.8)}"`;

exports[`sanitizeDeclarations > oklch to rgb conversion 3`] = `"div{color:rgb(190.5,240.2,255,0.5)}"`;

exports[`sanitizeDeclarations > oklch to rgb conversion 4`] = `"div{color:rgb(254.6,192.6,249.8)}"`;

exports[`sanitizeDeclarations > oklch to rgb conversion 5`] = `"div{color:rgb(255,99.8,0.1)}"`;

exports[`sanitizeDeclarations > rgba space syntax to comma syntax conversion 1`] = `"div{color:rgb(255,0,128)}"`;

exports[`sanitizeDeclarations > rgba space syntax to comma syntax conversion 2`] = `"div{color:rgb(255,0,128,0.5)}"`;

exports[`sanitizeDeclarations > rgba space syntax to comma syntax conversion 3`] = `"div{color:rgb(255,0,128,0.5)}"`;

exports[`sanitizeDeclarations > rgba space syntax to comma syntax conversion 4`] = `"div{color:rgb(255,0,128)}"`;

exports[`sanitizeDeclarations > rgba space syntax to comma syntax conversion 5`] = `"div{background:linear-gradient(rgb(255,0,0),rgb(0,255,0,0.8))}"`;

exports[`sanitizeDeclarations > rgba space syntax to comma syntax conversion 6`] = `"div{color:rgb(255,0,128,0.7)}"`;

exports[`sanitizeDeclarations > rgba space syntax to comma syntax conversion 7`] = `"div{color:rgb(0,0,0)}"`;

exports[`sanitizeDeclarations > rgba space syntax to comma syntax conversion 8`] = `"div{color:rgb(255,0,128)}"`;
