// Vitest Snapshot v1, https://vitest.dev/guide/snapshot.html

exports[`getUsedStyleProperties() 1`] = `
[
  {
    "location": SourceLocation {
      "end": Position {
        "column": 21,
        "index": 91,
        "line": 5,
      },
      "filename": undefined,
      "identifierName": undefined,
      "start": Position {
        "column": 2,
        "index": 72,
        "line": 5,
      },
    },
    "name": "borderRadius",
    "value": "5px",
  },
]
`;
