// Vitest Snapshot v1, https://vitest.dev/guide/snapshot.html

exports[`setupTailwind() and addUtilities() 1`] = `"/*! tailwindcss v4.1.12 | MIT License | https://tailwindcss.com */@layer theme,base,components,utilities;@layer utilities{.bg-slate-900{background-color:rgb(14.6,23,43)}.text-red-500{color:rgb(250.6,43.8,54.3)}.sm_bg-blue-300{@media (width>=40rem){background-color:rgb(141.9,197.2,255)!important}}}"`;

exports[`setupTailwind() and addUtilities() 2`] = `"/*! tailwindcss v4.1.12 | MIT License | https://tailwindcss.com */@layer theme,base,components,utilities;@layer utilities{.bg-red-100{background-color:rgb(254.8,225.8,225.8)}.bg-slate-900{background-color:rgb(14.6,23,43)}.text-red-500{color:rgb(250.6,43.8,54.3)}.sm_bg-blue-300{@media (width>=40rem){background-color:rgb(141.9,197.2,255)!important}}}"`;
