// Vitest Snapshot v1, https://vitest.dev/guide/snapshot.html

exports[`createDependencyGraph() > should have the right initial value for the dependency graph 1`] = `
{
  "../outer.ts": {
    "dependencyPaths": [
      "outer-dependency.ts",
    ],
    "dependentPaths": [
      "general-importing-file.ts",
    ],
    "moduleDependencies": [],
    "path": "../outer.ts",
  },
  "data-to-import.json": {
    "dependencyPaths": [],
    "dependentPaths": [
      "general-importing-file.ts",
    ],
    "moduleDependencies": [],
    "path": "data-to-import.json",
  },
  "file-a.ts": {
    "dependencyPaths": [
      "file-b.ts",
    ],
    "dependentPaths": [
      "file-b.ts",
      "general-importing-file.ts",
    ],
    "moduleDependencies": [],
    "path": "file-a.ts",
  },
  "file-b.ts": {
    "dependencyPaths": [
      "file-a.ts",
    ],
    "dependentPaths": [
      "file-a.ts",
      "general-importing-file.ts",
    ],
    "moduleDependencies": [],
    "path": "file-b.ts",
  },
  "general-importing-file.ts": {
    "dependencyPaths": [
      "../outer.ts",
      "data-to-import.json",
      "file-a.ts",
      "file-b.ts",
    ],
    "dependentPaths": [],
    "moduleDependencies": [
      "node:os",
      "node:path",
    ],
    "path": "general-importing-file.ts",
  },
  "outer-dependency.ts": {
    "dependencyPaths": [],
    "dependentPaths": [
      "../outer.ts",
    ],
    "moduleDependencies": [],
    "path": "outer-dependency.ts",
  },
}
`;
