// Vitest Snapshot v1, https://vitest.dev/guide/snapshot.html

exports[`<Text> component > renders correctly 1`] = `"<!DOCTYPE html PUBLIC "-//W3C//DTD XHTML 1.0 Transitional//EN" "http://www.w3.org/TR/xhtml1/DTD/xhtml1-transitional.dtd"><!--$--><p style="font-size:14px;line-height:24px;margin-bottom:16px;margin-top:16px">Lorem ipsum</p><!--/$-->"`;
