// Vitest Snapshot v1, https://vitest.dev/guide/snapshot.html

exports[`checkImages() 1`] = `
[
  {
    "checks": [
      {
        "metadata": {
          "alt": undefined,
        },
        "passed": false,
        "type": "accessibility",
      },
      {
        "passed": true,
        "type": "syntax",
      },
      {
        "passed": true,
        "type": "security",
      },
      {
        "metadata": {
          "fetchStatusCode": 200,
        },
        "passed": true,
        "type": "fetch_attempt",
      },
      {
        "metadata": {
          "byteCount": 26808,
        },
        "passed": true,
        "type": "image_size",
      },
    ],
    "codeLocation": {
      "column": 3,
      "line": 2,
    },
    "source": "https://resend.com/static/brand/resend-icon-white.png",
    "status": "warning",
  },
  {
    "checks": [
      {
        "metadata": {
          "alt": "codepen challenges",
        },
        "passed": true,
        "type": "accessibility",
      },
      {
        "passed": true,
        "type": "syntax",
      },
      {
        "passed": true,
        "type": "security",
      },
      {
        "metadata": {
          "fetchStatusCode": 200,
        },
        "passed": true,
        "type": "fetch_attempt",
      },
      {
        "metadata": {
          "byteCount": 111922,
        },
        "passed": true,
        "type": "image_size",
      },
    ],
    "codeLocation": {
      "column": 3,
      "line": 3,
    },
    "source": "/static/codepen-challengers.png",
    "status": "success",
  },
]
`;
