// Vitest Snapshot v1, https://vitest.dev/guide/snapshot.html

exports[`<Container> component > renders correctly 1`] = `"<!DOCTYPE html PUBLIC "-//W3C//DTD XHTML 1.0 Transitional//EN" "http://www.w3.org/TR/xhtml1/DTD/xhtml1-transitional.dtd"><!--$--><table align="center" width="100%" border="0" cellPadding="0" cellSpacing="0" role="presentation" style="max-width:300px"><tbody><tr style="width:100%"><td><button type="button">Hi</button></td></tr></tbody></table><!--/$-->"`;
