// Vitest Snapshot v1, https://vitest.dev/guide/snapshot.html

exports[`render > renders the <Heading> component 1`] = `"<!DOCTYPE html PUBLIC "-//W3C//DTD XHTML 1.0 Transitional//EN" "http://www.w3.org/TR/xhtml1/DTD/xhtml1-transitional.dtd"><!--$--><h2 style="margin-left:4px;margin-right:4px">Lorem ipsum</h2><!--/$-->"`;
