// Vitest Snapshot v1, https://vitest.dev/guide/snapshot.html

exports[`getEmailComponent() > with a demo email template 1`] = `
"<!DOCTYPE html PUBLIC "-//W3C//DTD XHTML 1.0 Transitional//EN" "http://www.w3.org/TR/xhtml1/DTD/xhtml1-transitional.dtd">
<html dir="ltr" lang="en">
  <head>
    <link rel="preload" as="image" href="/static/vercel-logo.png" />
    <link rel="preload" as="image" href="/static/vercel-user.png" />
    <link rel="preload" as="image" href="/static/vercel-arrow.png" />
    <link rel="preload" as="image" href="/static/vercel-team.png" />
    <meta content="text/html; charset=UTF-8" http-equiv="Content-Type" />
    <meta name="x-apple-disable-message-reformatting" />
    <!--$-->
  </head>
  <body style="background-color:rgb(255,255,255)">
    <table
      border="0"
      width="100%"
      cellpadding="0"
      cellspacing="0"
      role="presentation"
      align="center">
      <tbody>
        <tr>
          <td
            style='margin-right:auto;margin-left:auto;margin-bottom:auto;margin-top:auto;background-color:rgb(255,255,255);padding-right:8px;padding-left:8px;font-family:ui-sans-serif,system-ui,sans-serif,"Apple Color Emoji","Segoe UI Emoji","Segoe UI Symbol","Noto Color Emoji"'>
            <div
              style="display:none;overflow:hidden;line-height:1px;opacity:0;max-height:0;max-width:0"
              data-skip-in-text="true">
              Join Alan on Vercel
              <div>
                 ‌​‍‎‏﻿ ‌​‍‎‏﻿ ‌​‍‎‏﻿ ‌​‍‎‏﻿ ‌​‍‎‏﻿ ‌​‍‎‏﻿ ‌​‍‎‏﻿ ‌​‍‎‏﻿ ‌​‍‎‏﻿ ‌​‍‎‏﻿ ‌​‍‎‏﻿ ‌​‍‎‏﻿ ‌​‍‎‏﻿ ‌​‍‎‏﻿ ‌​‍‎‏﻿ ‌​‍‎‏﻿ ‌​‍‎‏﻿ ‌​‍‎‏﻿ ‌​‍‎‏﻿ ‌​‍‎‏﻿ ‌​‍‎‏﻿ ‌​‍‎‏﻿ ‌​‍‎‏﻿ ‌​‍‎‏﻿ ‌​‍‎‏﻿ ‌​‍‎‏﻿ ‌​‍‎‏﻿ ‌​‍‎‏﻿ ‌​‍‎‏﻿ ‌​‍‎‏﻿ ‌​‍‎‏﻿ ‌​‍‎‏﻿ ‌​‍‎‏﻿ ‌​‍‎‏﻿ ‌​‍‎‏﻿ ‌​‍‎‏﻿ ‌​‍‎‏﻿ ‌​‍‎‏﻿ ‌​‍‎‏﻿ ‌​‍‎‏﻿ ‌​‍‎‏﻿ ‌​‍‎‏﻿ ‌​‍‎‏﻿ ‌​‍‎‏﻿ ‌​‍‎‏﻿ ‌​‍‎‏﻿ ‌​‍‎‏﻿ ‌​‍‎‏﻿ ‌​‍‎‏﻿ ‌​‍‎‏﻿ ‌​‍‎‏﻿ ‌​‍‎‏﻿ ‌​‍‎‏﻿ ‌​‍‎‏﻿ ‌​‍‎‏﻿ ‌​‍‎‏﻿ ‌​‍‎‏﻿ ‌​‍‎‏﻿ ‌​‍‎‏﻿ ‌​‍‎‏﻿ ‌​‍‎‏﻿ ‌​‍‎‏﻿ ‌​‍‎‏﻿ ‌​‍‎‏﻿ ‌​‍‎‏﻿ ‌​‍‎‏﻿ ‌​‍‎‏﻿ ‌​‍‎‏﻿ ‌​‍‎‏﻿ ‌​‍‎‏﻿ ‌​‍‎‏﻿ ‌​‍‎‏﻿ ‌​‍‎‏﻿ ‌​‍‎‏﻿ ‌​‍‎‏﻿ ‌​‍‎‏﻿ ‌​‍‎‏﻿ ‌​‍‎‏﻿ ‌​‍‎‏﻿ ‌​‍‎‏﻿ ‌​‍‎‏﻿ ‌​‍‎‏﻿ ‌​‍‎‏﻿ ‌​‍‎‏﻿ ‌​‍‎‏﻿ ‌​‍‎‏﻿ ‌​‍‎‏﻿ ‌​‍‎‏﻿ ‌​‍‎‏﻿ ‌​‍‎‏﻿ ‌​‍‎‏﻿ ‌​‍‎‏﻿ ‌​‍‎‏﻿ ‌​‍‎‏﻿ ‌​‍‎‏﻿ ‌​‍‎‏﻿ ‌​‍‎‏﻿ ‌​‍‎‏﻿ ‌​‍‎‏﻿ ‌​‍‎‏﻿ ‌​‍‎‏﻿ ‌​‍‎‏﻿ ‌​‍‎‏﻿ ‌​‍‎‏﻿ ‌​‍‎‏﻿ ‌​‍‎‏﻿ ‌​‍‎‏﻿ ‌​‍‎‏﻿ ‌​‍‎‏﻿ ‌​‍‎‏﻿ ‌​‍‎‏﻿ ‌​‍‎‏﻿ ‌​‍‎‏﻿ ‌​‍‎‏﻿ ‌​‍‎‏﻿ ‌​‍‎‏﻿ ‌​‍‎‏﻿ ‌​‍‎‏﻿ ‌​‍‎‏﻿ ‌​‍‎‏﻿ ‌​‍‎‏﻿ ‌​‍‎‏﻿ ‌​‍‎‏﻿ ‌​‍‎‏﻿ ‌​‍‎‏﻿ ‌​‍‎‏﻿ ‌​‍‎‏﻿ ‌​‍‎‏﻿ ‌​‍‎‏﻿ ‌​‍‎‏﻿ ‌​‍‎‏﻿
              </div>
            </div>
            <table
              align="center"
              width="100%"
              border="0"
              cellpadding="0"
              cellspacing="0"
              role="presentation"
              style="max-width:465px;margin-right:auto;margin-left:auto;margin-bottom:40px;margin-top:40px;border-radius:0.25rem;border-style:solid;border-width:1px;border-color:rgb(234,234,234);padding:20px">
              <tbody>
                <tr style="width:100%">
                  <td>
                    <table
                      align="center"
                      width="100%"
                      border="0"
                      cellpadding="0"
                      cellspacing="0"
                      role="presentation"
                      style="margin-top:32px">
                      <tbody>
                        <tr>
                          <td>
                            <img
                              alt="Vercel Logo"
                              height="37"
                              src="/static/vercel-logo.png"
                              style="display:block;outline:none;border:none;text-decoration:none;margin-right:auto;margin-left:auto;margin-bottom:0;margin-top:0"
                              width="40" />
                          </td>
                        </tr>
                      </tbody>
                    </table>
                    <h1
                      style="margin-right:0;margin-left:0;margin-bottom:30px;margin-top:30px;padding:0;text-align:center;font-weight:400;font-size:24px;color:rgb(0,0,0)">
                      Join <strong>Enigma</strong> on <strong>Vercel</strong>
                    </h1>
                    <p
                      style="font-size:14px;line-height:24px;color:rgb(0,0,0);margin-top:16px;margin-bottom:16px">
                      Hello
                      <!-- -->alanturing<!-- -->,
                    </p>
                    <p
                      style="font-size:14px;line-height:24px;color:rgb(0,0,0);margin-top:16px;margin-bottom:16px">
                      <strong>Alan</strong> (<a
                        href="mailto:alan.turing@example.com"
                        style="color:rgb(21,93,252);text-decoration-line:none"
                        target="_blank"
                        >alan.turing@example.com</a
                      >) has invited you to the <strong>Enigma</strong> team on<!-- -->
                      <strong>Vercel</strong>.
                    </p>
                    <table
                      align="center"
                      width="100%"
                      border="0"
                      cellpadding="0"
                      cellspacing="0"
                      role="presentation">
                      <tbody>
                        <tr>
                          <td>
                            <table
                              align="center"
                              width="100%"
                              border="0"
                              cellpadding="0"
                              cellspacing="0"
                              role="presentation">
                              <tbody style="width:100%">
                                <tr style="width:100%">
                                  <td
                                    align="right"
                                    data-id="__react-email-column">
                                    <img
                                      alt="alanturing&#x27;s profile picture"
                                      height="64"
                                      src="/static/vercel-user.png"
                                      style="display:block;outline:none;border:none;text-decoration:none;border-radius:9999px"
                                      width="64" />
                                  </td>
                                  <td
                                    align="center"
                                    data-id="__react-email-column">
                                    <img
                                      alt="Arrow indicating invitation"
                                      height="9"
                                      src="/static/vercel-arrow.png"
                                      style="display:block;outline:none;border:none;text-decoration:none"
                                      width="12" />
                                  </td>
                                  <td
                                    align="left"
                                    data-id="__react-email-column">
                                    <img
                                      alt="Enigma team logo"
                                      height="64"
                                      src="/static/vercel-team.png"
                                      style="display:block;outline:none;border:none;text-decoration:none;border-radius:9999px"
                                      width="64" />
                                  </td>
                                </tr>
                              </tbody>
                            </table>
                          </td>
                        </tr>
                      </tbody>
                    </table>
                    <table
                      align="center"
                      width="100%"
                      border="0"
                      cellpadding="0"
                      cellspacing="0"
                      role="presentation"
                      style="margin-top:32px;margin-bottom:32px;text-align:center">
                      <tbody>
                        <tr>
                          <td>
                            <a
                              href="https://vercel.com"
                              style="line-height:100%;text-decoration:none;display:inline-block;max-width:100%;mso-padding-alt:0px;border-radius:0.25rem;background-color:rgb(0,0,0);padding-right:20px;padding-left:20px;padding-bottom:12px;padding-top:12px;text-align:center;font-weight:600;font-size:12px;color:rgb(255,255,255);text-decoration-line:none"
                              target="_blank"
                              ><span
                                ><!--[if mso]><i style="mso-font-width:500%;mso-text-raise:18" hidden>&#8202;&#8202;</i><![endif]--></span
                              ><span
                                style="max-width:100%;display:inline-block;line-height:120%;mso-padding-alt:0px;mso-text-raise:9px"
                                >Join the team</span
                              ><span
                                ><!--[if mso]><i style="mso-font-width:500%" hidden>&#8202;&#8202;&#8203;</i><![endif]--></span
                              ></a
                            >
                          </td>
                        </tr>
                      </tbody>
                    </table>
                    <p
                      style="font-size:14px;line-height:24px;color:rgb(0,0,0);margin-top:16px;margin-bottom:16px">
                      or copy and paste this URL into your browser:<!-- -->
                      <a
                        href="https://vercel.com"
                        style="color:rgb(21,93,252);text-decoration-line:none"
                        target="_blank"
                        >https://vercel.com</a
                      >
                    </p>
                    <hr
                      style="width:100%;border:none;border-top:1px solid #eaeaea;margin-right:0;margin-left:0;margin-bottom:26px;margin-top:26px;border-style:solid;border-width:1px;border-color:rgb(234,234,234)" />
                    <p
                      style="font-size:12px;line-height:24px;color:rgb(102,102,102);margin-top:16px;margin-bottom:16px">
                      This invitation was intended for<!-- -->
                      <span style="color:rgb(0,0,0)">alanturing</span>. This
                      invite was sent from
                      <span style="color:rgb(0,0,0)">204.13.186.218</span>
                      <!-- -->located in<!-- -->
                      <span style="color:rgb(0,0,0)">São Paulo, Brazil</span>.
                      If you were not expecting this invitation, you can ignore
                      this email. If you are concerned about your account&#x27;s
                      safety, please reply to this email to get in touch with
                      us.
                    </p>
                  </td>
                </tr>
              </tbody>
            </table>
          </td>
        </tr>
      </tbody>
    </table>
    <!--/$-->
  </body>
</html>
"
`;
