// Vitest Snapshot v1, https://vitest.dev/guide/snapshot.html

exports[`<Section> component > renders correctly 1`] = `"<!DOCTYPE html PUBLIC "-//W3C//DTD XHTML 1.0 Transitional//EN" "http://www.w3.org/TR/xhtml1/DTD/xhtml1-transitional.dtd"><!--$--><table align="center" width="100%" border="0" cellPadding="0" cellSpacing="0" role="presentation"><tbody><tr><td>Lorem ipsum</td></tr></tbody></table><!--/$-->"`;

exports[`Section component > should render correctly 1`] = `"<!DOCTYPE html PUBLIC "-//W3C//DTD XHTML 1.0 Transitional//EN" "http://www.w3.org/TR/xhtml1/DTD/xhtml1-transitional.dtd"><!--$--><table align="center" width="100%" border="0" cellPadding="0" cellSpacing="0" role="presentation"><tbody><tr><td><div>Test content</div></td></tr></tbody></table><!--/$-->"`;

exports[`Section component > should render with props 1`] = `"<!DOCTYPE html PUBLIC "-//W3C//DTD XHTML 1.0 Transitional//EN" "http://www.w3.org/TR/xhtml1/DTD/xhtml1-transitional.dtd"><!--$--><table align="center" width="100%" border="0" cellPadding="0" cellSpacing="0" role="presentation"><tbody><tr><td><div>Test content</div></td></tr></tbody></table><!--/$-->"`;

exports[`Section component > should render with style 1`] = `"<!DOCTYPE html PUBLIC "-//W3C//DTD XHTML 1.0 Transitional//EN" "http://www.w3.org/TR/xhtml1/DTD/xhtml1-transitional.dtd"><!--$--><table align="center" width="100%" border="0" cellPadding="0" cellSpacing="0" role="presentation" style="background-color:red"><tbody><tr><td><div>Test content</div></td></tr></tbody></table><!--/$-->"`;
